#-----------------------------------------------------------
# PlanAhead v14.6 (64-bit)
# Build 269223 by xbuild on Wed Jun  5 11:14:03 MDT 2013
# Start of session at: Sat Dec 29 15:45:25 2018
# Process ID: 4688
# Log file: E:/ISEProject/SRAM/planAhead_run_1/planAhead.log
# Journal file: E:/ISEProject/SRAM/planAhead_run_1/planAhead.jou
#-----------------------------------------------------------
start_gui
source E:/ISEProject/SRAM/pa.fromNetlist.tcl
startgroup
set_property package_pin C17 [get_ports {addr[0]}]
endgroup
startgroup
set_property package_pin C18 [get_ports {addr[1]}]
endgroup
set_property package_pin "" [get_ports [list  {addr[2]}]]
startgroup
set_property package_pin C1 [get_ports {addr[1]}]
endgroup
startgroup
set_property package_pin C18 [get_ports {addr[1]}]
endgroup
startgroup
set_property package_pin D16 [get_ports {addr[2]}]
endgroup
startgroup
set_property package_pin D17 [get_ports {addr[3]}]
endgroup
startgroup
set_property package_pin E15 [get_ports {addr[4]}]
endgroup
startgroup
set_property package_pin E16 [get_ports {addr[5]}]
endgroup
startgroup
set_property package_pin F14 [get_ports {addr[6]}]
endgroup
startgroup
set_property package_pin F15 [get_ports {addr[7]}]
endgroup
startgroup
set_property package_pin F17 [get_ports {addr[8]}]
endgroup
startgroup
set_property package_pin F18 [get_ports {addr[9]}]
endgroup
startgroup
set_property package_pin G13 [get_ports {addr[10]}]
endgroup
startgroup
set_property package_pin G14 [get_ports {addr[11]}]
endgroup
set_property package_pin "" [get_ports [list  {addr[13]}]]
startgroup
set_property package_pin G15 [get_ports {addr[12]}]
endgroup
startgroup
set_property package_pin G16 [get_ports {addr[13]}]
endgroup
startgroup
set_property package_pin H14 [get_ports {addr[14]}]
endgroup
startgroup
set_property package_pin H15 [get_ports {addr[15]}]
endgroup
startgroup
set_property package_pin H16 [get_ports {addr[16]}]
endgroup
startgroup
set_property package_pin H17 [get_ports {addr[17]}]
endgroup
save_constraints
set_property package_pin "" [get_ports [list  {data[15]}]]
startgroup
set_property package_pin J12 [get_ports {data[0]}]
endgroup
startgroup
set_property package_pin J13 [get_ports {data[1]}]
endgroup
startgroup
set_property package_pin J14 [get_ports {data[2]}]
endgroup
startgroup
set_property package_pin J15 [get_ports {data[3]}]
endgroup
startgroup
set_property package_pin J16 [get_ports {data[4]}]
endgroup
startgroup
set_property package_pin J17 [get_ports {data[5]}]
endgroup
startgroup
set_property package_pin K12 [get_ports {data[6]}]
endgroup
startgroup
set_property package_pin K13 [get_ports {data[7]}]
endgroup
startgroup
set_property package_pin K14 [get_ports {data[8]}]
endgroup
startgroup
set_property package_pin K15 [get_ports {data[9]}]
endgroup
startgroup
set_property package_pin L15 [get_ports {data[10]}]
endgroup
startgroup
set_property package_pin L16 [get_ports {data[11]}]
endgroup
startgroup
set_property package_pin L17 [get_ports {data[12]}]
endgroup
startgroup
set_property package_pin L18 [get_ports {data[13]}]
endgroup
startgroup
set_property package_pin M13 [get_ports {data[14]}]
endgroup
save_constraints
startgroup
set_property package_pin M14 [get_ports {data[15]}]
endgroup
startgroup
set_property package_pin D10 [get_ports {led[0]}]
endgroup
startgroup
set_property package_pin E10 [get_ports {led[1]}]
endgroup
startgroup
set_property package_pin A11 [get_ports {led[2]}]
endgroup
startgroup
set_property package_pin B11 [get_ports {led[3]}]
endgroup
startgroup
set_property package_pin C11 [get_ports {led[4]}]
endgroup
startgroup
set_property package_pin D11 [get_ports {led[5]}]
endgroup
startgroup
set_property package_pin E11 [get_ports {led[6]}]
endgroup
startgroup
set_property package_pin F11 [get_ports {led[7]}]
endgroup
startgroup
set_property package_pin A12 [get_ports {led[8]}]
endgroup
startgroup
set_property package_pin E12 [get_ports {led[9]}]
endgroup
startgroup
set_property package_pin F12 [get_ports {led[10]}]
endgroup
startgroup
set_property package_pin A13 [get_ports {led[11]}]
endgroup
startgroup
set_property package_pin B13 [get_ports {led[12]}]
endgroup
startgroup
set_property package_pin D13 [get_ports {led[13]}]
endgroup
startgroup
set_property package_pin E13 [get_ports {led[14]}]
endgroup
save_constraints
startgroup
set_property package_pin A14 [get_ports {led[15]}]
endgroup
save_constraints
startgroup
set_property package_pin T7 [get_ports {sw[0]}]
endgroup
startgroup
set_property package_pin R7 [get_ports {sw[1]}]
endgroup
startgroup
set_property package_pin U8 [get_ports {sw[2]}]
endgroup
startgroup
set_property package_pin V4 [get_ports {sw[3]}]
endgroup
startgroup
set_property package_pin V3 [get_ports {sw[4]}]
endgroup
startgroup
set_property package_pin V2 [get_ports {sw[5]}]
endgroup
startgroup
set_property package_pin U1 [get_ports {sw[6]}]
endgroup
startgroup
set_property package_pin R4 [get_ports {sw[7]}]
endgroup
startgroup
set_property package_pin R1 [get_ports {sw[8]}]
endgroup
startgroup
set_property package_pin N2 [get_ports {sw[9]}]
endgroup
startgroup
set_property package_pin R1 [get_ports {sw[8]}]
endgroup
startgroup
set_property package_pin N1 [get_ports {sw[10]}]
endgroup
startgroup
set_property package_pin M1 [get_ports {sw[11]}]
endgroup
startgroup
set_property package_pin K7 [get_ports {sw[12]}]
endgroup
startgroup
set_property package_pin K2 [get_ports {sw[13]}]
endgroup
startgroup
set_property package_pin J7 [get_ports {sw[14]}]
endgroup
startgroup
set_property package_pin J6 [get_ports {sw[15]}]
endgroup
save_constraints
startgroup
set_property package_pin U9 [get_ports clk]
endgroup
startgroup
set_property package_pin U10 [get_ports rst]
endgroup
set_property package_pin "" [get_ports [list  RAM_OE]]
startgroup
set_property package_pin M15 [get_ports RAM_EN]
endgroup
startgroup
set_property package_pin M16 [get_ports RAM_OE]
endgroup
startgroup
set_property package_pin M18 [get_ports RAM_RW]
endgroup
save_constraints
